flutter : Package file_picker:linux references file_picker:linux as the 
default plugin, but it does not provide an inline implementation.
At line:1 char:1
+ flutter build apk --release 2>&1 | Tee-Object -FilePath build_output. ...
+ ~~~~~~~~~~~~~~~~~~~~~~~~~~~~~~~~
    + CategoryInfo          : NotSpecified: (Package file_pi...implementation. 
   :String) [], RemoteException
    + FullyQualifiedErrorId : NativeCommandError
 
Ask the maintainers of file_picker to either avoid referencing a default 
implementation via `platforms: linux: default_package: file_picker` or add an 
inline implementation to file_picker via `platforms: linux:` `pluginClass` or 
`dartPluginClass`.

Package file_picker:macos references file_picker:macos as the default plugin, 
but it does not provide an inline implementation.
Ask the maintainers of file_picker to either avoid referencing a default 
implementation via `platforms: macos: default_package: file_picker` or add an 
inline implementation to file_picker via `platforms: macos:` `pluginClass` or 
`dartPluginClass`.

Package file_picker:windows references file_picker:windows as the default 
plugin, but it does not provide an inline implementation.
Ask the maintainers of file_picker to either avoid referencing a default 
implementation via `platforms: windows: default_package: file_picker` or add 
an inline implementation to file_picker via `platforms: windows:` 
`pluginClass` or `dartPluginClass`.

Package file_picker:linux references file_picker:linux as the default plugin, 
but it does not provide an inline implementation.
Ask the maintainers of file_picker to either avoid referencing a default 
implementation via `platforms: linux: default_package: file_picker` or add an 
inline implementation to file_picker via `platforms: linux:` `pluginClass` or 
`dartPluginClass`.

Package file_picker:macos references file_picker:macos as the default plugin, 
but it does not provide an inline implementation.
Ask the maintainers of file_picker to either avoid referencing a default 
implementation via `platforms: macos: default_package: file_picker` or add an 
inline implementation to file_picker via `platforms: macos:` `pluginClass` or 
`dartPluginClass`.

Package file_picker:windows references file_picker:windows as the default 
plugin, but it does not provide an inline implementation.
Ask the maintainers of file_picker to either avoid referencing a default 
implementation via `platforms: windows: default_package: file_picker` or add 
an inline implementation to file_picker via `platforms: windows:` 
`pluginClass` or `dartPluginClass`.

Package file_picker:linux references file_picker:linux as the default plugin, 
but it does not provide an inline implementation.
Ask the maintainers of file_picker to either avoid referencing a default 
implementation via `platforms: linux: default_package: file_picker` or add an 
inline implementation to file_picker via `platforms: linux:` `pluginClass` or 
`dartPluginClass`.

Package file_picker:macos references file_picker:macos as the default plugin, 
but it does not provide an inline implementation.
Ask the maintainers of file_picker to either avoid referencing a default 
implementation via `platforms: macos: default_package: file_picker` or add an 
inline implementation to file_picker via `platforms: macos:` `pluginClass` or 
`dartPluginClass`.

Package file_picker:windows references file_picker:windows as the default 
plugin, but it does not provide an inline implementation.
Ask the maintainers of file_picker to either avoid referencing a default 
implementation via `platforms: windows: default_package: file_picker` or add 
an inline implementation to file_picker via `platforms: windows:` 
`pluginClass` or `dartPluginClass`.

Package file_picker:linux references file_picker:linux as the default plugin, 
but it does not provide an inline implementation.
Ask the maintainers of file_picker to either avoid referencing a default 
implementation via `platforms: linux: default_package: file_picker` or add an 
inline implementation to file_picker via `platforms: linux:` `pluginClass` or 
`dartPluginClass`.

Package file_picker:macos references file_picker:macos as the default plugin, 
but it does not provide an inline implementation.
Ask the maintainers of file_picker to either avoid referencing a default 
implementation via `platforms: macos: default_package: file_picker` or add an 
inline implementation to file_picker via `platforms: macos:` `pluginClass` or 
`dartPluginClass`.

Package file_picker:windows references file_picker:windows as the default 
plugin, but it does not provide an inline implementation.
Ask the maintainers of file_picker to either avoid referencing a default 
implementation via `platforms: windows: default_package: file_picker` or add 
an inline implementation to file_picker via `platforms: windows:` 
`pluginClass` or `dartPluginClass`.

Running Gradle task 'assembleRelease'...                        
Invalid depfile: C:\Users\LENOVO\OneDrive\Desktop\filevault\filevault\.dart_too
l\flutter_build\9db82651823406c5800b5cd0c5fd0470\kernel_snapshot_program.d
Invalid depfile: C:\Users\LENOVO\OneDrive\Desktop\filevault\filevault\.dart_too
l\flutter_build\9db82651823406c5800b5cd0c5fd0470\kernel_snapshot_program.d
Invalid depfile: C:\Users\LENOVO\OneDrive\Desktop\filevault\filevault\.dart_too
l\flutter_build\9db82651823406c5800b5cd0c5fd0470\kernel_snapshot_program.d
Invalid depfile: C:\Users\LENOVO\OneDrive\Desktop\filevault\filevault\.dart_too
l\flutter_build\9db82651823406c5800b5cd0c5fd0470\kernel_snapshot_program.d
Invalid depfile: C:\Users\LENOVO\OneDrive\Desktop\filevault\filevault\.dart_too
l\flutter_build\9db82651823406c5800b5cd0c5fd0470\kernel_snapshot_program.d
Invalid depfile: C:\Users\LENOVO\OneDrive\Desktop\filevault\filevault\.dart_too
l\flutter_build\9db82651823406c5800b5cd0c5fd0470\kernel_snapshot_program.d
Invalid depfile: C:\Users\LENOVO\OneDrive\Desktop\filevault\filevault\.dart_too
l\flutter_build\9db82651823406c5800b5cd0c5fd0470\kernel_snapshot_program.d
Invalid depfile: C:\Users\LENOVO\OneDrive\Desktop\filevault\filevault\.dart_too
l\flutter_build\9db82651823406c5800b5cd0c5fd0470\kernel_snapshot_program.d
Invalid depfile: C:\Users\LENOVO\OneDrive\Desktop\filevault\filevault\.dart_too
l\flutter_build\9db82651823406c5800b5cd0c5fd0470\kernel_snapshot_program.d
Invalid depfile: C:\Users\LENOVO\OneDrive\Desktop\filevault\filevault\.dart_too
l\flutter_build\9db82651823406c5800b5cd0c5fd0470\kernel_snapshot_program.d
Invalid depfile: C:\Users\LENOVO\OneDrive\Desktop\filevault\filevault\.dart_too
l\flutter_build\9db82651823406c5800b5cd0c5fd0470\kernel_snapshot_program.d
Invalid depfile: C:\Users\LENOVO\OneDrive\Desktop\filevault\filevault\.dart_too
l\flutter_build\9db82651823406c5800b5cd0c5fd0470\kernel_snapshot_program.d
Package file_picker:linux references file_picker:linux as the default plugin, 
but it does not provide an inline implementation.
Ask the maintainers of file_picker to either avoid referencing a default 
implementation via `platforms: linux: default_package: file_picker` or add an 
inline implementation to file_picker via `platforms: linux:` `pluginClass` or 
`dartPluginClass`.

Package file_picker:macos references file_picker:macos as the default plugin, 
but it does not provide an inline implementation.
Ask the maintainers of file_picker to either avoid referencing a default 
implementation via `platforms: macos: default_package: file_picker` or add an 
inline implementation to file_picker via `platforms: macos:` `pluginClass` or 
`dartPluginClass`.

Package file_picker:windows references file_picker:windows as the default 
plugin, but it does not provide an inline implementation.
Ask the maintainers of file_picker to either avoid referencing a default 
implementation via `platforms: windows: default_package: file_picker` or add 
an inline implementation to file_picker via `platforms: windows:` 
`pluginClass` or `dartPluginClass`.

Font asset "CupertinoIcons.ttf" was tree-shaken, reducing it from 257628 to 1712 bytes (99.3% reduction). Tree-shaking can be disabled by providing the --no-tree-shake-icons flag when building your app.
Font asset "MaterialIcons-Regular.otf" was tree-shaken, reducing it from 1645184 to 7572 bytes (99.5% reduction). Tree-shaking can be disabled by providing the --no-tree-shake-icons flag when building your app.
C:\Users\LENOVO\AppData\Local\Pub\Cache\hosted\pub.dev\just_audio-0.9.46\androi
d\src\main\java\com\ryanheise\just_audio\AudioPlayer.java:3: error: package 
android.content does not exist
import android.content.Context;
                      ^
C:\Users\LENOVO\AppData\Local\Pub\Cache\hosted\pub.dev\just_audio-0.9.46\androi
d\src\main\java\com\ryanheise\just_audio\AudioPlayer.java:4: error: package 
android.media.audiofx does not exist
import android.media.audiofx.AudioEffect;
                            ^
C:\Users\LENOVO\AppData\Local\Pub\Cache\hosted\pub.dev\just_audio-0.9.46\androi
d\src\main\java\com\ryanheise\just_audio\AudioPlayer.java:5: error: package 
android.media.audiofx does not exist
import android.media.audiofx.Equalizer;
                            ^
C:\Users\LENOVO\AppData\Local\Pub\Cache\hosted\pub.dev\just_audio-0.9.46\androi
d\src\main\java\com\ryanheise\just_audio\AudioPlayer.java:6: error: package 
android.media.audiofx does not exist
import android.media.audiofx.LoudnessEnhancer;
                            ^
C:\Users\LENOVO\AppData\Local\Pub\Cache\hosted\pub.dev\just_audio-0.9.46\androi
d\src\main\java\com\ryanheise\just_audio\AudioPlayer.java:7: error: package 
android.net does not exist
import android.net.Uri;
                  ^
C:\Users\LENOVO\AppData\Local\Pub\Cache\hosted\pub.dev\just_audio-0.9.46\androi
d\src\main\java\com\ryanheise\just_audio\AudioPlayer.java:8: error: package 
android.os does not exist
import android.os.Build;
                 ^
C:\Users\LENOVO\AppData\Local\Pub\Cache\hosted\pub.dev\just_audio-0.9.46\androi
d\src\main\java\com\ryanheise\just_audio\AudioPlayer.java:9: error: package 
android.os does not exist
import android.os.Handler;
                 ^
C:\Users\LENOVO\AppData\Local\Pub\Cache\hosted\pub.dev\just_audio-0.9.46\androi
d\src\main\java\com\ryanheise\just_audio\AudioPlayer.java:10: error: package 
android.os does not exist
import android.os.Looper;
                 ^
C:\Users\LENOVO\AppData\Local\Pub\Cache\hosted\pub.dev\just_audio-0.9.46\androi
d\src\main\java\com\ryanheise\just_audio\AudioPlayer.java:74: error: cannot 
find symbol
    private final Context context;
                  ^
  symbol:   class Context
  location: class AudioPlayer
C:\Users\LENOVO\AppData\Local\Pub\Cache\hosted\pub.dev\just_audio-0.9.46\androi
d\src\main\java\com\ryanheise\just_audio\AudioPlayer.java:98: error: cannot 
find symbol
    private List<AudioEffect> audioEffects = new ArrayList<AudioEffect>();
                 ^
  symbol:   class AudioEffect
  location: class AudioPlayer
C:\Users\LENOVO\AppData\Local\Pub\Cache\hosted\pub.dev\just_audio-0.9.46\androi
d\src\main\java\com\ryanheise\just_audio\AudioPlayer.java:99: error: cannot 
find symbol
    private Map<String, AudioEffect> audioEffectsMap = new HashMap<String, 
AudioEffect>();
                        ^
  symbol:   class AudioEffect
  location: class AudioPlayer
C:\Users\LENOVO\AppData\Local\Pub\Cache\hosted\pub.dev\just_audio-0.9.46\androi
d\src\main\java\com\ryanheise\just_audio\AudioPlayer.java:107: error: cannot 
find symbol
    private final Handler handler = new Handler(Looper.getMainLooper());
                  ^
  symbol:   class Handler
  location: class AudioPlayer
C:\Users\LENOVO\AppData\Local\Pub\Cache\hosted\pub.dev\just_audio-0.9.46\androi
d\src\main\java\com\ryanheise\just_audio\AudioPlayer.java:138: error: cannot 
find symbol
        final Context applicationContext,
              ^
  symbol:   class Context
  location: class AudioPlayer
C:\Users\LENOVO\AppData\Local\Pub\Cache\hosted\pub.dev\just_audio-0.9.46\androi
d\src\main\java\com\ryanheise\just_audio\AudioPlayer.java:691: error: cannot 
find symbol
    private AudioEffect decodeAudioEffect(final Object json, int 
audioSessionId) {
            ^
  symbol:   class AudioEffect
  location: class AudioPlayer
C:\Users\LENOVO\AppData\Local\Pub\Cache\hosted\pub.dev\just_audio-0.9.46\androi
d\src\main\java\com\ryanheise\just_audio\AudioPlayer.java:955: error: cannot 
find symbol
    private String getLowerCaseExtension(Uri uri) {
                                         ^
  symbol:   class Uri
  location: class AudioPlayer
C:\Users\LENOVO\AppData\Local\Pub\Cache\hosted\pub.dev\just_audio-0.9.46\androi
d\src\main\java\com\ryanheise\just_audio\JustAudioPlugin.java:3: error: 
package android.content does not exist
import android.content.Context;
                      ^
C:\Users\LENOVO\AppData\Local\Pub\Cache\hosted\pub.dev\just_audio-0.9.46\androi
d\src\main\java\com\ryanheise\just_audio\MainMethodCallHandler.java:3: error: 
package android.content does not exist
import android.content.Context;
                      ^
C:\Users\LENOVO\AppData\Local\Pub\Cache\hosted\pub.dev\just_audio-0.9.46\androi
d\src\main\java\com\ryanheise\just_audio\MainMethodCallHandler.java:16: error: 
cannot find symbol
    private final Context applicationContext;
                  ^
  symbol:   class Context
  location: class MainMethodCallHandler
C:\Users\LENOVO\AppData\Local\Pub\Cache\hosted\pub.dev\just_audio-0.9.46\androi
d\src\main\java\com\ryanheise\just_audio\MainMethodCallHandler.java:21: error: 
cannot find symbol
    public MainMethodCallHandler(Context applicationContext,
                                 ^
  symbol:   class Context
  location: class MainMethodCallHandler
C:\Users\LENOVO\AppData\Local\Pub\Cache\hosted\pub.dev\just_audio-0.9.46\androi
d\src\main\java\com\ryanheise\just_audio\AudioPlayer.java:98: error: cannot 
find symbol
    private List<AudioEffect> audioEffects = new ArrayList<AudioEffect>();
                                                           ^
  symbol:   class AudioEffect
  location: class AudioPlayer
C:\Users\LENOVO\AppData\Local\Pub\Cache\hosted\pub.dev\just_audio-0.9.46\androi
d\src\main\java\com\ryanheise\just_audio\AudioPlayer.java:99: error: cannot 
find symbol
    private Map<String, AudioEffect> audioEffectsMap = new HashMap<String, 
AudioEffect>();
                                                                           ^
  symbol:   class AudioEffect
  location: class AudioPlayer
C:\Users\LENOVO\AppData\Local\Pub\Cache\hosted\pub.dev\just_audio-0.9.46\androi
d\src\main\java\com\ryanheise\just_audio\AudioPlayer.java:107: error: cannot 
find symbol
    private final Handler handler = new Handler(Looper.getMainLooper());
                                        ^
  symbol:   class Handler
  location: class AudioPlayer
C:\Users\LENOVO\AppData\Local\Pub\Cache\hosted\pub.dev\just_audio-0.9.46\androi
d\src\main\java\com\ryanheise\just_audio\AudioPlayer.java:107: error: cannot 
find symbol
    private final Handler handler = new Handler(Looper.getMainLooper());
                                                ^
  symbol:   variable Looper
  location: class AudioPlayer
C:\Users\LENOVO\AppData\Local\Pub\Cache\hosted\pub.dev\just_audio-0.9.46\androi
d\src\main\java\com\ryanheise\just_audio\AudioPlayer.java:200: error: cannot 
find symbol
                AudioEffect audioEffect = decodeAudioEffect(rawAudioEffect, 
this.audioSessionId);
                ^
  symbol:   class AudioEffect
  location: class AudioPlayer
C:\Users\LENOVO\AppData\Local\Pub\Cache\hosted\pub.dev\just_audio-0.9.46\androi
d\src\main\java\com\ryanheise\just_audio\AudioPlayer.java:219: error: cannot 
access Parcelable
        for (int i = 0; i < metadata.length(); i++) {
                                    ^
  class file for android.os.Parcelable not found
C:\Users\LENOVO\AppData\Local\Pub\Cache\hosted\pub.dev\just_audio-0.9.46\androi
d\src\main\java\com\ryanheise\just_audio\AudioPlayer.java:627: error: cannot 
access Uri
                            .setUri(Uri.parse((String)map.get("uri")))
                            ^
  class file for android.net.Uri not found
C:\Users\LENOVO\AppData\Local\Pub\Cache\hosted\pub.dev\just_audio-0.9.46\androi
d\src\main\java\com\ryanheise\just_audio\AudioPlayer.java:633: error: cannot 
find symbol
                            .setUri(Uri.parse((String)map.get("uri")))
                                    ^
  symbol:   variable Uri
  location: class AudioPlayer
C:\Users\LENOVO\AppData\Local\Pub\Cache\hosted\pub.dev\just_audio-0.9.46\androi
d\src\main\java\com\ryanheise\just_audio\AudioPlayer.java:640: error: cannot 
find symbol
                            .setUri(Uri.parse((String)map.get("uri")))
                                    ^
  symbol:   variable Uri
  location: class AudioPlayer
C:\Users\LENOVO\AppData\Local\Pub\Cache\hosted\pub.dev\just_audio-0.9.46\androi
d\src\main\java\com\ryanheise\just_audio\AudioPlayer.java:696: error: package 
Build does not exist
            if (Build.VERSION.SDK_INT < 19)
                     ^
C:\Users\LENOVO\AppData\Local\Pub\Cache\hosted\pub.dev\just_audio-0.9.46\androi
d\src\main\java\com\ryanheise\just_audio\AudioPlayer.java:699: error: cannot 
find symbol
            LoudnessEnhancer loudnessEnhancer = new 
LoudnessEnhancer(audioSessionId);
            ^
  symbol:   class LoudnessEnhancer
  location: class AudioPlayer
C:\Users\LENOVO\AppData\Local\Pub\Cache\hosted\pub.dev\just_audio-0.9.46\androi
d\src\main\java\com\ryanheise\just_audio\AudioPlayer.java:699: error: cannot 
find symbol
            LoudnessEnhancer loudnessEnhancer = new 
LoudnessEnhancer(audioSessionId);
                                                    ^
  symbol:   class LoudnessEnhancer
  location: class AudioPlayer
C:\Users\LENOVO\AppData\Local\Pub\Cache\hosted\pub.dev\just_audio-0.9.46\androi
d\src\main\java\com\ryanheise\just_audio\AudioPlayer.java:703: error: cannot 
find symbol
            Equalizer equalizer = new Equalizer(0, audioSessionId);
            ^
  symbol:   class Equalizer
  location: class AudioPlayer
C:\Users\LENOVO\AppData\Local\Pub\Cache\hosted\pub.dev\just_audio-0.9.46\androi
d\src\main\java\com\ryanheise\just_audio\AudioPlayer.java:703: error: cannot 
find symbol
            Equalizer equalizer = new Equalizer(0, audioSessionId);
                                      ^
  symbol:   class Equalizer
  location: class AudioPlayer
C:\Users\LENOVO\AppData\Local\Pub\Cache\hosted\pub.dev\just_audio-0.9.46\androi
d\src\main\java\com\ryanheise\just_audio\AudioPlayer.java:711: error: cannot 
find symbol
        for (Iterator<AudioEffect> it = audioEffects.iterator(); 
it.hasNext();) {
                      ^
  symbol:   class AudioEffect
  location: class AudioPlayer
C:\Users\LENOVO\AppData\Local\Pub\Cache\hosted\pub.dev\just_audio-0.9.46\androi
d\src\main\java\com\ryanheise\just_audio\AudioPlayer.java:712: error: cannot 
find symbol
            AudioEffect audioEffect = it.next();
            ^
  symbol:   class AudioEffect
  location: class AudioPlayer
C:\Users\LENOVO\AppData\Local\Pub\Cache\hosted\pub.dev\just_audio-0.9.46\androi
d\src\main\java\com\ryanheise\just_audio\AudioPlayer.java:826: error: cannot 
find symbol
        ((LoudnessEnhancer)audioEffectsMap.get("AndroidLoudnessEnhancer")).setT
argetGain(targetGainMillibels);
          ^
  symbol:   class LoudnessEnhancer
  location: class AudioPlayer
C:\Users\LENOVO\AppData\Local\Pub\Cache\hosted\pub.dev\just_audio-0.9.46\androi
d\src\main\java\com\ryanheise\just_audio\AudioPlayer.java:830: error: cannot 
find symbol
        Equalizer equalizer = 
(Equalizer)audioEffectsMap.get("AndroidEqualizer");
        ^
  symbol:   class Equalizer
  location: class AudioPlayer
C:\Users\LENOVO\AppData\Local\Pub\Cache\hosted\pub.dev\just_audio-0.9.46\androi
d\src\main\java\com\ryanheise\just_audio\AudioPlayer.java:830: error: cannot 
find symbol
        Equalizer equalizer = 
(Equalizer)audioEffectsMap.get("AndroidEqualizer");
                               ^
  symbol:   class Equalizer
  location: class AudioPlayer
C:\Users\LENOVO\AppData\Local\Pub\Cache\hosted\pub.dev\just_audio-0.9.46\androi
d\src\main\java\com\ryanheise\just_audio\AudioPlayer.java:851: error: cannot 
find symbol
        ((Equalizer)audioEffectsMap.get("AndroidEqualizer")).setBandLevel((shor
t)bandIndex, (short)(Math.round(gain * 1000.0)));
          ^
  symbol:   class Equalizer
  location: class AudioPlayer
C:\Users\LENOVO\AppData\Local\Pub\Cache\hosted\pub.dev\just_audio-0.9.46\androi
d\src\main\java\com\ryanheise\just_audio\JustAudioPlugin.java:23: error: 
cannot find symbol
